<html>
<body>
<pre>
<h1>µVision Build Log</h1>
<h2>Project:</h2>
C:\Users\Êèðèëë\Desktop\asd\adc_to_dac_example\MDK-ARM\adc_to_dac_example.uvproj
Project File Date:  03/22/2019

<h2>Output:</h2>
Rebuild target 'adc_to_dac_example'
compiling main.c...
compiling gpio.c...
compiling adc.c...
compiling dac.c...
compiling dma.c...
compiling tim.c...
compiling usart.c...
compiling stm32f1xx_it.c...
../Inc/string.h(10): warning:  #1-D: last line of file ends without a newline
  #endif
../Src/stm32f1xx_it.c: 1 warning, 0 errors
compiling string.c...
../Inc/string.h(10): warning:  #1-D: last line of file ends without a newline
  #endif
..\Src\string.c(29): warning:  #223-D: function "strlen" declared implicitly
    for (i = 0, j = strlen(s)-1; i < j; i++, j--) 
..\Src\string.c(64): warning:  #1-D: last line of file ends without a newline
  }
..\Src\string.c: 3 warnings, 0 errors
compiling stm32f1xx_ll_gpio.c...
compiling stm32f1xx_ll_adc.c...
compiling stm32f1xx_ll_dma.c...
compiling stm32f1xx_ll_dac.c...
compiling stm32f1xx_ll_pwr.c...
compiling stm32f1xx_ll_exti.c...
compiling stm32f1xx_ll_tim.c...
compiling stm32f1xx_ll_usart.c...
compiling stm32f1xx_ll_rcc.c...
compiling stm32f1xx_ll_utils.c...
compiling system_stm32f1xx.c...
assembling startup_stm32f100xb.s...
linking...
Program Size: Code=3806 RO-data=358 RW-data=28 ZI-data=1028  
FromELF: creating hex file...
"adc_to_dac_example\adc_to_dac_example.axf" - 0 Error(s), 4 Warning(s).
</pre>
</body>
</html>
adc_to_dac_example.axf" 
Erase Done.
Programming Done.
Verify OK.
Application running ...
